ASxxxx Linker V03.00 + NoICE + sdld,  page 1.
Hexadecimal  [32-Bits]

Area                                    Addr        Size        Decimal Bytes (Attributes)
--------------------------------        ----        ----        ------- ----- ------------
CABS                                00000000    00000000 =           0. bytes (ABS,CON,CODE)

      Value  Global                              Global Defined In Module
      -----  --------------------------------   ------------------------
C:   00000000  l_BIT_BANK                      
C:   00000000  l_CABS                          
C:   00000000  l_GSINIT1                       
C:   00000000  l_GSINIT5                       
C:   00000000  l_IABS                          
C:   00000000  l_ISEG                          
C:   00000000  l_PSEG                          
C:   00000000  l_REG_BANK_2                    
C:   00000000  l_REG_BANK_3                    
C:   00000000  l_RSEG                          
C:   00000000  l_RSEG0                         
C:   00000000  l_RSEG1                         
C:   00000000  l_XABS                          
C:   00000000  l_XINIT                         
C:   00000000  l_XISEG                         
C:   00000000  l__CODE                         
C:   00000000  s_BSEG                          
C:   00000000  s_CABS                          
C:   00000000  s_DSEG                          
C:   00000000  s_HOME                          
C:   00000000  s_IABS                          
C:   00000000  s_ISEG                          
C:   00000000  s_REG_BANK_0                    
C:   00000000  s_RSEG                          
C:   00000000  s_RSEG0                         
C:   00000000  s_RSEG1                         
C:   00000000  s_XABS                          
C:   00000001  l_BSEG_BYTES                    
C:   00000001  s_PSEG                          
C:   00000001  s_XSEG                          
C:   00000002  l_BSEG                          
C:   00000003  l_GSFINAL                       
C:   00000003  l_GSINIT0                       
C:   00000004  l_OSEG                          
C:   00000008  l_REG_BANK_0                    
C:   00000008  l_REG_BANK_1                    
C:   00000008  s_REG_BANK_1                    
C:   0000000A  l_GSINIT2                       
C:   00000010  s_REG_BANK_2                    
C:   00000018  s_BIT_BANK                      
C:   00000018  s_REG_BANK_3                    
C:   00000020  s_BSEG_BYTES                    
C:   00000020  s__CODE                         
C:   00000022  l_GSINIT3                       
C:   00000025  l_GSINIT                        
C:   00000027  s_OSEG                          
C:   0000002A  l_GSINIT4                       
C:   0000002B  s_SSEG                          
C:   00000080  l_DSEG                          
C:   000000D5  l_SSEG                          
ASxxxx Linker V03.00 + NoICE + sdld,  page 2.
Hexadecimal  [32-Bits]

Area                                    Addr        Size        Decimal Bytes (Attributes)
--------------------------------        ----        ----        ------- ----- ------------
CABS                                00000000    00000000 =           0. bytes (ABS,CON,CODE)

      Value  Global                              Global Defined In Module
      -----  --------------------------------   ------------------------
C:   000000E1  l_HOME                          
C:   000000E1  s_GSINIT0                       
C:   000000E4  s_GSINIT1                       
C:   000000E4  s_GSINIT2                       
C:   000000EE  s_GSINIT3                       
C:   00000100  l_IRAM                          
C:   00000110  s_GSINIT4                       
C:   0000013A  s_GSINIT                        
C:   0000013A  s_GSINIT5                       
C:   0000015F  s_GSFINAL                       
C:   00000162  s_CSEG                          
C:   00000200  l_XSEG                          
C:   00000201  s_XISEG                         
C:   000006AD  l_CSEG                          
C:   0000080F  s_CONST                         
C:   00000D77  l_CONST                         
C:   00001586  s_XINIT                         

ASxxxx Linker V03.00 + NoICE + sdld,  page 3.
Hexadecimal  [32-Bits]

Area                                    Addr        Size        Decimal Bytes (Attributes)
--------------------------------        ----        ----        ------- ----- ------------
.  .ABS.                            00000000    00000000 =           0. bytes (ABS,CON)

      Value  Global                              Global Defined In Module
      -----  --------------------------------   ------------------------
     00000000  .__.ABS.                           _startup
     00000080  _P0                                uart
     00000080  _P00                               uart
     00000081  _P01                               uart
     00000081  _SP                                uart
     00000082  _DPL                               uart
     00000082  _P02                               uart
     00000083  _DPH                               uart
     00000083  _P03                               uart
     00000084  _P04                               uart
     00000084  _S4CON                             uart
     00000085  _P05                               uart
     00000085  _S4BUF                             uart
     00000086  _P06                               uart
     00000087  _P07                               uart
     00000087  _PCON                              uart
     00000088  _IT0                               uart
     00000088  _TCON                              uart
     00000089  _IE0                               uart
     00000089  _TMOD                              uart
     0000008A  _IT1                               uart
     0000008A  _TL0                               uart
     0000008B  _IE1                               uart
     0000008B  _TL1                               uart
     0000008C  _TH0                               uart
     0000008C  _TR0                               uart
     0000008D  _TF0                               uart
     0000008D  _TH1                               uart
     0000008E  _AUXR                              uart
     0000008E  _TR1                               uart
     0000008F  _INTCLKO                           uart
     0000008F  _TF1                               uart
     00000090  _P1                                uart
     00000090  _P10                               uart
     00000091  _P11                               uart
     00000091  _P1M1                              uart
     00000092  _P12                               uart
     00000092  _P1M0                              uart
     00000093  _P0M1                              uart
     00000093  _P13                               uart
     00000094  _P0M0                              uart
     00000094  _P14                               uart
     00000095  _P15                               uart
     00000095  _P2M1                              uart
     00000096  _P16                               uart
     00000096  _P2M0                              uart
     00000097  _P17                               uart
     00000098  _RI                                uart
     00000098  _SCON                              uart
     00000099  _SBUF                              uart
ASxxxx Linker V03.00 + NoICE + sdld,  page 4.
Hexadecimal  [32-Bits]

Area                                    Addr        Size        Decimal Bytes (Attributes)
--------------------------------        ----        ----        ------- ----- ------------
.  .ABS.                            00000000    00000000 =           0. bytes (ABS,CON)

      Value  Global                              Global Defined In Module
      -----  --------------------------------   ------------------------
     00000099  _TI                                uart
     0000009A  _RB8                               uart
     0000009A  _S2CON                             uart
     0000009B  _S2BUF                             uart
     0000009B  _TB8                               uart
     0000009C  _REN                               uart
     0000009D  _IRCBAND                           uart
     0000009D  _SM2                               uart
     0000009E  _LIRTRIM                           uart
     0000009E  _SM1                               uart
     0000009F  _IRTRIM                            uart
     0000009F  _SM0                               uart
     000000A0  _P2                                uart
     000000A0  _P20                               uart
     000000A0  __XPAGE                            
     000000A1  _P21                               uart
     000000A2  _P22                               uart
     000000A2  _P_SW1                             uart
     000000A3  _P23                               uart
     000000A4  _P24                               uart
     000000A5  _P25                               uart
     000000A6  _P26                               uart
     000000A7  _P27                               uart
     000000A8  _EX0                               uart
     000000A8  _IE                                uart
     000000A9  _ET0                               uart
     000000A9  _SADDR                             uart
     000000AA  _EX1                               uart
     000000AA  _WKTCL                             uart
     000000AB  _ET1                               uart
     000000AB  _WKTCH                             uart
     000000AC  _ES                                uart
     000000AC  _S3CON                             uart
     000000AD  _EADC                              uart
     000000AD  _S3BUF                             uart
     000000AE  _ELVD                              uart
     000000AE  _TA                                uart
     000000AF  _EA                                uart
     000000AF  _IE2                               uart
     000000B0  _P3                                uart
     000000B0  _P30                               uart
     000000B1  _P31                               uart
     000000B1  _P3M1                              uart
     000000B2  _P32                               uart
     000000B2  _P3M0                              uart
     000000B3  _P33                               uart
     000000B3  _P4M1                              uart
     000000B4  _P34                               uart
     000000B4  _P4M0                              uart
     000000B5  _IP2                               uart
     000000B5  _P35                               uart
ASxxxx Linker V03.00 + NoICE + sdld,  page 5.
Hexadecimal  [32-Bits]

Area                                    Addr        Size        Decimal Bytes (Attributes)
--------------------------------        ----        ----        ------- ----- ------------
.  .ABS.                            00000000    00000000 =           0. bytes (ABS,CON)

      Value  Global                              Global Defined In Module
      -----  --------------------------------   ------------------------
     000000B6  _IP2H                              uart
     000000B6  _P36                               uart
     000000B7  _IPH                               uart
     000000B7  _P37                               uart
     000000B8  _IP                                uart
     000000B8  _PX0                               uart
     000000B9  _PT0                               uart
     000000B9  _SADEN                             uart
     000000BA  _PX1                               uart
     000000BA  _P_SW2                             uart
     000000BB  _PT1                               uart
     000000BC  _ADC_CONTR                         uart
     000000BC  _PS                                uart
     000000BD  _ADC_RES                           uart
     000000BD  _PADC                              uart
     000000BE  _ADC_RESL                          uart
     000000BE  _PLVD                              uart
     000000BF  _PPCA                              uart
     000000C0  _P4                                uart
     000000C0  _P40                               uart
     000000C1  _P41                               uart
     000000C1  _WDT_CONTR                         uart
     000000C2  _IAP_DATA                          uart
     000000C2  _P42                               uart
     000000C3  _IAP_ADDRH                         uart
     000000C3  _P43                               uart
     000000C4  _IAP_ADDRL                         uart
     000000C4  _P44                               uart
     000000C5  _IAP_CMD                           uart
     000000C5  _P45                               uart
     000000C6  _IAP_TRIG                          uart
     000000C6  _P46                               uart
     000000C7  _IAP_CONTR                         uart
     000000C7  _P47                               uart
     000000C8  _P5                                uart
     000000C8  _P50                               uart
     000000C9  _P51                               uart
     000000C9  _P5M1                              uart
     000000CA  _P52                               uart
     000000CA  _P5M0                              uart
     000000CB  _P53                               uart
     000000CB  _P6M1                              uart
     000000CC  _P54                               uart
     000000CC  _P6M0                              uart
     000000CD  _SPSTAT                            uart
     000000CE  _SPCTL                             uart
     000000CF  _SPDAT                             uart
     000000D0  _P                                 uart
     000000D0  _PSW                               uart
     000000D1  _F1                                uart
     000000D1  _T4T3M                             uart
ASxxxx Linker V03.00 + NoICE + sdld,  page 6.
Hexadecimal  [32-Bits]

Area                                    Addr        Size        Decimal Bytes (Attributes)
--------------------------------        ----        ----        ------- ----- ------------
.  .ABS.                            00000000    00000000 =           0. bytes (ABS,CON)

      Value  Global                              Global Defined In Module
      -----  --------------------------------   ------------------------
     000000D2  _OV                                uart
     000000D2  _T4H                               uart
     000000D3  _RS0                               uart
     000000D3  _T4L                               uart
     000000D4  _RS1                               uart
     000000D4  _T3H                               uart
     000000D5  _F0                                uart
     000000D5  _T3L                               uart
     000000D6  _AC                                uart
     000000D6  _T2H                               uart
     000000D7  _CY                                uart
     000000D7  _T2L                               uart
     000000DC  _USBCLK                            uart
     000000DE  _ADCCFG                            uart
     000000DF  _IP3                               uart
     000000E0  _ACC                               uart
     000000E1  _P7M1                              uart
     000000E2  _P7M0                              uart
     000000E3  _DPS                               uart
     000000E4  _DPL1                              uart
     000000E5  _DPH1                              uart
     000000E6  _CMPCR1                            uart
     000000E7  _CMPCR2                            uart
     000000E8  _P6                                uart
     000000EC  _USBDAT                            uart
     000000EE  _IP3H                              uart
     000000EF  _AUXINTIF                          uart
     000000F0  _B                                 uart
     000000F4  _USBCON                            uart
     000000F5  _B_5                               _gptrget
     000000F5  _IAP_TPS                           uart
     000000F6  _B_6                               _gptrget
     000000F7  _B_7                               _gptrget
     000000F8  _P7                                uart
     000000FC  _USBADR                            uart
     000000FF  _RSTCFG                            uart

ASxxxx Linker V03.00 + NoICE + sdld,  page 7.
Hexadecimal  [32-Bits]

Area                                    Addr        Size        Decimal Bytes (Attributes)
--------------------------------        ----        ----        ------- ----- ------------
BSEG_BYTES                          00000020    00000001 =           1. bytes (REL,CON)

      Value  Global                              Global Defined In Module
      -----  --------------------------------   ------------------------
ASxxxx Linker V03.00 + NoICE + sdld,  page 8.
Hexadecimal  [32-Bits]

Area                                    Addr        Size        Decimal Bytes (Attributes)
--------------------------------        ----        ----        ------- ----- ------------
REG_BANK_0                          00000000    00000008 =           8. bytes (REL,OVR)

      Value  Global                              Global Defined In Module
      -----  --------------------------------   ------------------------
ASxxxx Linker V03.00 + NoICE + sdld,  page 9.
Hexadecimal  [32-Bits]

Area                                    Addr        Size        Decimal Bytes (Attributes)
--------------------------------        ----        ----        ------- ----- ------------
REG_BANK_1                          00000008    00000008 =           8. bytes (REL,OVR)

      Value  Global                              Global Defined In Module
      -----  --------------------------------   ------------------------
ASxxxx Linker V03.00 + NoICE + sdld,  page 10.
Hexadecimal  [32-Bits]

Area                                    Addr        Size        Decimal Bytes (Attributes)
--------------------------------        ----        ----        ------- ----- ------------
DSEG                                00000000    00000080 =         128. bytes (REL,CON)

      Value  Global                              Global Defined In Module
      -----  --------------------------------   ------------------------
     00000010  _dac_read                          pwm_dac
     00000011  _dac_write                         pwm_dac
     00000012  _dac_sendflag                      pwm_dac
     0000001D  _UartSend_Count                    uart
     0000001E  _UartSend_Length                   uart
     0000001F  _reset                             uart
     00000021  _timers                            main

ASxxxx Linker V03.00 + NoICE + sdld,  page 11.
Hexadecimal  [32-Bits]

Area                                    Addr        Size        Decimal Bytes (Attributes)
--------------------------------        ----        ----        ------- ----- ------------
OSEG                                00000027    00000004 =           4. bytes (REL,OVR)

      Value  Global                              Global Defined In Module
      -----  --------------------------------   ------------------------
     00000027  __divslong_PARM_2                  _divulong
     00000027  __divulong_PARM_2                  _divulong
     00000027  __modsint_PARM_2                   _moduint
     00000027  __moduint_PARM_2                   _moduint

ASxxxx Linker V03.00 + NoICE + sdld,  page 12.
Hexadecimal  [32-Bits]

Area                                    Addr        Size        Decimal Bytes (Attributes)
--------------------------------        ----        ----        ------- ----- ------------
SSEG                                0000002B    000000D5 =         213. bytes (REL,OVR)

      Value  Global                              Global Defined In Module
      -----  --------------------------------   ------------------------
     0000002B  __start__stack                     main

ASxxxx Linker V03.00 + NoICE + sdld,  page 13.
Hexadecimal  [32-Bits]

Area                                    Addr        Size        Decimal Bytes (Attributes)
--------------------------------        ----        ----        ------- ----- ------------
XSEG                                00000001    00000200 =         512. bytes (REL,CON,XDATA)

      Value  Global                              Global Defined In Module
      -----  --------------------------------   ------------------------
D:   00000001  _dac_buff1                         pwm_dac
D:   00000101  _UartSend_Buff                     uart

ASxxxx Linker V03.00 + NoICE + sdld,  page 14.
Hexadecimal  [32-Bits]

Area                                    Addr        Size        Decimal Bytes (Attributes)
--------------------------------        ----        ----        ------- ----- ------------
HOME                                00000000    000000E1 =         225. bytes (REL,CON,CODE)

      Value  Global                              Global Defined In Module
      -----  --------------------------------   ------------------------
C:   000000DE  __sdcc_program_startup             main

ASxxxx Linker V03.00 + NoICE + sdld,  page 15.
Hexadecimal  [32-Bits]

Area                                    Addr        Size        Decimal Bytes (Attributes)
--------------------------------        ----        ----        ------- ----- ------------
GSINIT0                             000000E1    00000003 =           3. bytes (REL,CON,CODE)

      Value  Global                              Global Defined In Module
      -----  --------------------------------   ------------------------
C:   000000E1  __sdcc_gsinit_startup              

ASxxxx Linker V03.00 + NoICE + sdld,  page 16.
Hexadecimal  [32-Bits]

Area                                    Addr        Size        Decimal Bytes (Attributes)
--------------------------------        ----        ----        ------- ----- ------------
GSINIT2                             000000E4    0000000A =          10. bytes (REL,CON,CODE)

      Value  Global                              Global Defined In Module
      -----  --------------------------------   ------------------------
ASxxxx Linker V03.00 + NoICE + sdld,  page 17.
Hexadecimal  [32-Bits]

Area                                    Addr        Size        Decimal Bytes (Attributes)
--------------------------------        ----        ----        ------- ----- ------------
GSINIT3                             000000EE    00000022 =          34. bytes (REL,CON,CODE)

      Value  Global                              Global Defined In Module
      -----  --------------------------------   ------------------------
C:   000000EE  __mcs51_genXINIT                   

ASxxxx Linker V03.00 + NoICE + sdld,  page 18.
Hexadecimal  [32-Bits]

Area                                    Addr        Size        Decimal Bytes (Attributes)
--------------------------------        ----        ----        ------- ----- ------------
GSINIT4                             00000110    0000002A =          42. bytes (REL,CON,CODE)

      Value  Global                              Global Defined In Module
      -----  --------------------------------   ------------------------
C:   00000110  __mcs51_genRAMCLEAR                
C:   00000116  __mcs51_genXRAMCLEAR               

ASxxxx Linker V03.00 + NoICE + sdld,  page 19.
Hexadecimal  [32-Bits]

Area                                    Addr        Size        Decimal Bytes (Attributes)
--------------------------------        ----        ----        ------- ----- ------------
GSINIT                              0000013A    00000025 =          37. bytes (REL,CON,CODE)

      Value  Global                              Global Defined In Module
      -----  --------------------------------   ------------------------
ASxxxx Linker V03.00 + NoICE + sdld,  page 20.
Hexadecimal  [32-Bits]

Area                                    Addr        Size        Decimal Bytes (Attributes)
--------------------------------        ----        ----        ------- ----- ------------
GSFINAL                             0000015F    00000003 =           3. bytes (REL,CON,CODE)

      Value  Global                              Global Defined In Module
      -----  --------------------------------   ------------------------
ASxxxx Linker V03.00 + NoICE + sdld,  page 21.
Hexadecimal  [32-Bits]

Area                                    Addr        Size        Decimal Bytes (Attributes)
--------------------------------        ----        ----        ------- ----- ------------
CSEG                                00000162    000006AD =        1709. bytes (REL,CON,CODE)

      Value  Global                              Global Defined In Module
      -----  --------------------------------   ------------------------
C:   00000162  _ADPCM_Decode                      pwm_dac
C:   000002C1  _pwm_init                          pwm_dac
C:   000002FC  _PWM2_Interrupt                    pwm_dac
C:   0000034E  _dac_send                          pwm_dac
C:   000004E7  _MiniSch_Init                      main
C:   00000504  _CPU_Init                          main
C:   00000526  _task1                             main
C:   00000591  _main                              main
C:   000005C0  _INT0_Interrupt                    interrupt_handled
C:   000005C4  _TIME0_Interrupt                   interrupt_handled
C:   000005F3  _INT1_Interrupt                    interrupt_handled
C:   000005F7  _TIME1_Interrupt                   interrupt_handled
C:   000005FB  _ADC_Interrupt                     interrupt_handled
C:   000005FF  _LVD_Interrupt                     interrupt_handled
C:   00000603  _PCA_Interrupt                     interrupt_handled
C:   00000607  _UART2_Interrupt                   interrupt_handled
C:   0000060B  _SPI_Interrupt                     interrupt_handled
C:   0000060F  _INT2_Interrupt                    interrupt_handled
C:   00000613  _INT3_Interrupt                    interrupt_handled
C:   00000617  _TIME2_Interrupt                   interrupt_handled
C:   0000061B  _UART1_Interrupt                   uart
C:   0000066F  _printf                            uart
C:   000006BE  _printf_byte                       uart
C:   000006EB  __divulong                         _divulong
C:   00000750  __moduint                          _moduint
C:   0000079D  __divslong                         _divslong
C:   000007EF  __gptrget                          _gptrget
C:   0000080B  __sdcc_external_startup            _startup

ASxxxx Linker V03.00 + NoICE + sdld,  page 22.
Hexadecimal  [32-Bits]

Area                                    Addr        Size        Decimal Bytes (Attributes)
--------------------------------        ----        ----        ------- ----- ------------
CONST                               0000080F    00000D77 =        3447. bytes (REL,CON,CODE)

      Value  Global                              Global Defined In Module
      -----  --------------------------------   ------------------------
C:   0000080F  _StepSizeTable                     pwm_dac
C:   000008C1  _IndexTable                        pwm_dac
C:   000008D1  _wav_buf                           pwm_dac
ASxxxx Linker V03.00 + NoICE + sdld,  page 23.

Files Linked                              [ module(s) ]

./Output/pwm_dac.rel                      [  ]
./Output/main.rel                         [  ]
./Output/interrupt_handled.rel            [  ]
./Output/uart.rel                         [  ]


Libraries Linked                          [ object file ]

D:\sdcc\bin\..\lib\small/liblong.lib      [ _divulong.rel ]
D:\sdcc\bin\..\lib\small/mcs51.lib        [ crtclear.rel ]
D:\sdcc\bin\..\lib\small/mcs51.lib        [ crtxinit.rel ]
D:\sdcc\bin\..\lib\small/libint.lib       [ _moduint.rel ]
D:\sdcc\bin\..\lib\small/mcs51.lib        [ crtxclear.rel ]
D:\sdcc\bin\..\lib\small/liblong.lib      [ _divslong.rel ]
D:\sdcc\bin\..\lib\small/mcs51.lib        [ crtpagesfr.rel ]
D:\sdcc\bin\..\lib\small/mcs51.lib        [ crtstart.rel ]
D:\sdcc\bin\..\lib\small/libsdcc.lib      [ _gptrget.rel ]
D:\sdcc\bin\..\lib\small/libsdcc.lib      [ _startup.rel ]

ASxxxx Linker V03.00 + NoICE + sdld,  page 24.

User Base Address Definitions

HOME = 0x0000
XSEG = 0x0001
PSEG = 0x0001
ISEG = 0x0000
BSEG = 0x0000

